 leeysos

 Timestamp is 5742d41f (Mon May 23 18:57:51 2016)

 Preferred load address is 00020000

 Start         Length     Name                   Class
 0001:00000000 000038e4H .text                   CODE
 0002:00000000 000008a0H .rdata                  DATA
 0002:000008a0 00000000H .edata                  DATA
 0003:00000000 00000430H .data                   DATA
 0003:00000430 00000760H .bss                    DATA

  Address         Publics by Value              Rva+Base     Lib:Object

 0001:00000000       _EntryPoint16              00021000 f   entry.obj
 0001:0000001d       EntryPoint32               0002101d f   entry.obj
 0001:00000048       _WRITE_PORT_UCHAR          00021048 f   hal_asm.obj
 0001:00000058       _READ_PORT_UCHAR           00021058 f   hal_asm.obj
 0001:00000063       _HalpEnableInterrupt       00021063 f   hal_asm.obj
 0001:00000070       _HalTaskSwitch             00021070 f   hal_asm.obj
 0001:00000080       _CrtPrintf                 00021080 f   6845crt.obj
 0001:000000c0       _CrtPrintfXY               000210c0 f   6845crt.obj
 0001:00000160       _CrtPrintTextXYWithAttr    00021160 f   6845crt.obj
 0001:00000570       _CrtInitializeDriver       00021570 f   6845crt.obj
 0001:00000590       _CrtClearScreen            00021590 f   6845crt.obj
 0001:000005e0       _FddInitializeDriver       000215e0 f   fdddrv.obj
 0001:00000660       _Fdd_IRQ_Handler           00021660 f   fdddrv.obj
 0001:00000ab0       _HalWriteTssIntoGdt        00021ab0 f   hal.obj
 0001:00000b90       _HalSetupTSS               00021b90 f   hal.obj
 0001:00000c80       _HalSetupTaskSwitchingEnv  00021c80 f   hal.obj
 0001:00000d00       _HalSetupTaskLink          00021d00 f   hal.obj
 0001:00000d40       _HalChangeTssBusyBit       00021d40 f   hal.obj
 0001:00000da0       _HalInitializeHal          00021da0 f   hal.obj
 0001:00001660       _KbdInitializeDriver       00022660 f   kbddrv.obj
 0001:00001a30       _KrnInitializeKernel       00022a30 f   kernel.obj
 0001:00001ab0       _leeysos_init              00022ab0 f   leeysos.obj
 0001:00001b90       _MmkInitializeMemoryManager 00022b90 f   mmanager.obj
 0001:00001dc0       _MmAllocateNonCachedMemory 00022dc0 f   mmanager.obj
 0001:00001f20       _MmFreeNonCachedMemory     00022f20 f   mmanager.obj
 0001:00002000       _PspCreateUserProcess      00023000 f   process.obj
 0001:000021d0       _PskInitializeProcessManager 000231d0 f   process.obj
 0001:000022e0       _PsCreateProcess           000232e0 f   process.obj
 0001:00002380       _PsCreateThread            00023380 f   process.obj
 0001:00002480       _PsCreateIntThread         00023480 f   process.obj
 0001:00002580       _PsSetThreadStatus         00023580 f   process.obj
 0001:000025a0       _PsGetCurrentThread        000235a0 f   process.obj
 0001:000025c0       _PsDeleteProcess           000235c0 f   process.obj
 0001:000025f0       _PsDeleteThread            000235f0 f   process.obj
 0001:000033d0       _memset                    000243d0 f   string.obj
 0001:00003410       _SysInitializeSyscall      00024410 f   syscall.obj
 0001:00003460       _SysGetSyscallStackPtr     00024460 f   syscall.obj
 0001:00003480       _SysGetSyscallStackSize    00024480 f   syscall.obj
 0001:00003540       _vsprintf                  00024540 f   vsprintf.obj
 0002:00000000       ??_C@_0CI@CCIBJFIN@FddpTurnOffMotor?$CI?$CJ?5returned?5an?5e@ 00025000     fdddrv.obj
 0002:00000028       ??_C@_0BI@NMHEANFH@Halp_IRQ_HardDrive?$CI?$CJ?5?$AN?6?$AA@ 00025028     hal.obj
 0002:00000040       ??_C@_0BO@DKPJFPAC@Halp_IRQ_MathCoprocessor?$CI?$CJ?5?$AN?6?$AA@ 00025040     hal.obj
 0002:00000060       ??_C@_0BE@NEDDPGBJ@Halp_IRQ_Mouse?$CI?$CJ?5?$AN?6?$AA@ 00025060     hal.obj
 0002:00000074       ??_C@_0BC@IGOLJKOG@Halp_IRQ_VGA?$CI?$CJ?5?$AN?6?$AA@ 00025074     hal.obj
 0002:00000088       ??_C@_0BI@MCNHIJMG@Halp_IRQ_CMOSClock?$CI?$CJ?5?$AN?6?$AA@ 00025088     hal.obj
 0002:000000a0       ??_C@_0BD@BMGLEMCE@Halp_IRQ_LPT1?$CI?$CJ?5?$AN?6?$AA@ 000250a0     hal.obj
 0002:000000b4       ??_C@_0BD@CNIDFGLJ@Halp_IRQ_LPT2?$CI?$CJ?5?$AN?6?$AA@ 000250b4     hal.obj
 0002:000000c8       ??_C@_0BD@PNONLAAJ@Halp_IRQ_COM1?$CI?$CJ?5?$AN?6?$AA@ 000250c8     hal.obj
 0002:000000dc       ??_C@_0BD@MMAFKKJE@Halp_IRQ_COM2?$CI?$CJ?5?$AN?6?$AA@ 000250dc     hal.obj
 0002:000000f0       ??_C@_0BP@BPMNCKPI@Halp_IRQ_ReqFromSlave8259?$CI?$CJ?5?$AN?6?$AA@ 000250f0     hal.obj
 0002:00000110       ??_C@_0BL@NHEAFIGN@Halp_ECT_MachineCheck?$CI?$CJ?5?$AN?6?$AA@ 00025110     hal.obj
 0002:0000012c       ??_C@_0BN@IIPPLJCI@Halp_ECT_AlignmentCheck?$CI?$CJ?5?$AN?6?$AA@ 0002512c     hal.obj
 0002:0000014c       ??_C@_0CB@BAMOPHKE@Halp_ECT_FloatingPointError?$CI?$CJ?5?$AN?6@ 0002514c     hal.obj
 0002:00000170       ??_C@_0BI@ECFHJJPN@Halp_ECT_PageFault?$CI?$CJ?5?$AN?6?$AA@ 00025170     hal.obj
 0002:00000188       ??_C@_0CA@BNNEHHMP@Halp_ECT_GeneralProtection?$CI?$CJ?5?$AN?6?$AA@ 00025188     hal.obj
 0002:000001a8       ??_C@_0BN@IPDIOMJP@Halp_ECT_StackException?$CI?$CJ?5?$AN?6?$AA@ 000251a8     hal.obj
 0002:000001c8       ??_C@_0CA@NKBGCIFH@Halp_ECT_SegmentNotPresent?$CI?$CJ?5?$AN?6?$AA@ 000251c8     hal.obj
 0002:000001e8       ??_C@_0BJ@PELGBAAP@Halp_ECT_InvalidTSS?$CI?$CJ?5?$AN?6?$AA@ 000251e8     hal.obj
 0002:00000204       ??_C@_0CB@KDIHIBHF@Halp_ECT_CoprocessorOverrun?$CI?$CJ?5?$AN?6@ 00025204     hal.obj
 0002:00000228       ??_C@_0CB@LIGLLFBG@Halp_ECT_DeviceNotAvailable?$CI?$CJ?5?$AN?6@ 00025228     hal.obj
 0002:0000024c       ??_C@_0BM@EDOCEHEB@Halp_ECT_InvaildOpcode?$CI?$CJ?5?$AN?6?$AA@ 0002524c     hal.obj
 0002:00000268       ??_C@_0BF@GOILIIOG@Halp_ECT_BOUNDS?$CI?$CJ?5?$AN?6?$AA@ 00025268     hal.obj
 0002:00000280       ??_C@_0BD@PJNACMJH@Halp_ECT_INTO?$CI?$CJ?5?$AN?6?$AA@ 00025280     hal.obj
 0002:00000294       ??_C@_0BJ@CHEGJKKD@Halp_ECT_Breakpoint?$CI?$CJ?5?$AN?6?$AA@ 00025294     hal.obj
 0002:000002b0       ??_C@_0BC@EPIMJMAK@Halp_ECT_NMI?$CI?$CJ?5?$AN?6?$AA@ 000252b0     hal.obj
 0002:000002c4       ??_C@_0BN@LHNLHKKE@Halp_ECT_DebugException?$CI?$CJ?5?$AN?6?$AA@ 000252c4     hal.obj
 0002:000002e4       ??_C@_0BL@DCNBJOMK@Halp_ECT_DivideByZero?$CI?$CJ?5?$AN?6?$AA@ 000252e4     hal.obj
 0002:00000300       ??_C@_0CP@DIODDKOF@HalpInitializeProcessor?$CI?$CJ?5return@ 00025300     hal.obj
 0002:00000330       ??_C@_0CC@LJLJPIMA@Interrupt?5Service?5is?5installed?$CB?$CB@ 00025330     hal.obj
 0002:00000354       ??_C@_0CL@KJAKIFMC@HalpStartIntService?$CI?$CJ?5returned?5a@ 00025354     hal.obj
 0002:00000380       ??_C@_0BP@OLPBBHME@SystemTimer?5is?5initialized?$CB?$CB?$AN?6?$AA@ 00025380     hal.obj
 0002:000003a0       ??_C@_0CI@HNIFLDMK@HalpInitSysTimer?$CI?$CJ?5returned?5an?5e@ 000253a0     hal.obj
 0002:000003c8       ??_C@_0BC@JACIBMKF@PIC?5is?5success?$CB?$CB?5?$AA@ 000253c8     hal.obj
 0002:000003dc       ??_C@_0CD@GOIDGDAA@HalpInitPIC?$CI?$CJ?5returned?5an?5error?4@ 000253dc     hal.obj
 0002:00000400       ??_C@_0BH@JIPOFIMD@A20?5line?5is?5success?$CB?$CB?5?$AA@ 00025400     hal.obj
 0002:00000418       ??_C@_0CF@GHKHCIHI@HalpEnableA20?$CI?$CJ?5returned?5an?5erro@ 00025418     hal.obj
 0002:00000440       ??_C@_0BL@DCILFBIK@bp?0?5?$CD1?3?$CFx?0?5?$CD2?3?$CFx?0?5?$CD3?3?$CFx?5?$AN?6?$AA@ 00025440     hal.obj
 0002:0000045c       ??_C@_0BL@DNEGCBIO@gp?0?5?$CD1?3?$CFx?0?5?$CD2?3?$CFx?0?5?$CD3?3?$CFx?5?$AN?6?$AA@ 0002545c     hal.obj
 0002:00000478       ??_C@_0CM@DIDJDCCM@SysInitializeSyscall?$CI?$CJ?5returned?5@ 00025478     kernel.obj
 0002:000004a4       ??_C@_0DD@PGNILLPJ@PskInitializeProcessManager?$CI?$CJ?5re@ 000254a4     kernel.obj
 0002:000004d8       ??_C@_0DC@HMPJPCFD@MmkInitializeMemoryManager?$CI?$CJ?5ret@ 000254d8     kernel.obj
 0002:0000050c       ??_C@_0CI@GFPEFDPE@HalInitializeHal?$CI?$CJ?5returned?5an?5e@ 0002550c     kernel.obj
 0002:00000534       ??_C@_0BB@CINOICC@Booting?5Error?$CB?$AN?6?$AA@ 00025534     leeysos.obj
 0002:00000548       ??_C@_0CG@ENNLIACI@Floppy?5Disk?5Driver?5is?5initialize@ 00025548     leeysos.obj
 0002:00000570       ??_C@_0CL@LECLFJDL@FddInitializeDriver?$CI?$CJ?5returned?5a@ 00025570     leeysos.obj
 0002:0000059c       ??_C@_0CC@DFCKDFA@Keyboard?5Driver?5is?5initialized?$CB?$CB@ 0002559c     leeysos.obj
 0002:000005c0       ??_C@_0CL@BBHNNJJA@KbdInitializeDriver?$CI?$CJ?5returned?5a@ 000255c0     leeysos.obj
 0002:000005ec       ??_C@_0CL@EKIIKDMP@KrnInitializeKernel?$CI?$CJ?5returned?5a@ 000255ec     leeysos.obj
 0002:00000618       ??_C@_0BC@GAGKJLIL@Halting?5System?4?$AN?6?$AA@ 00025618     leeysos.obj
 0002:0000062c       ??_C@_0CC@MPDKKHPO@Memory?5Manager?5is?5initialized?$CB?$CB?$AN@ 0002562c     mmanager.obj
 0002:00000650       ??_C@_0CL@OLLCNKKN@MmpCreateMemPoolBlk?$CI?$CJ?5returned?5a@ 00025650     mmanager.obj
 0002:0000067c       ??_C@_0CK@BFFNBLEM@MmpCheckMemorySize?$CI?$CJ?5returned?5an@ 0002567c     mmanager.obj
 0002:000006a8       ??_C@_0M@EJHJBINM@USER_T_LOW_?$AA@ 000256a8     process.obj
 0002:000006b4       ??_C@_0M@EPBCHDJJ@USER_T_MID_?$AA@ 000256b4     process.obj
 0002:000006c0       ??_C@_0M@IADHMGCG@USER_T_HIGH?$AA@ 000256c0     process.obj
 0002:000006cc       ??_C@_0CO@KFBIJEKH@PspCreateSystemProcess?$CI?$CJ?5returne@ 000256cc     process.obj
 0002:000006fc       ??_C@_0L@ENOHOPEI@USR_HIGH_T?$AA@ 000256fc     process.obj
 0002:00000708       ??_C@_0L@JFLBNFBJ@USR_MID__T?$AA@ 00025708     process.obj
 0002:00000714       ??_C@_0L@MCNPNAOC@USR_LOW__T?$AA@ 00025714     process.obj
 0002:00000720       ??_C@_0M@HODEDBEP@LOW3?5THREAD?$AA@ 00025720     process.obj
 0002:0000072c       ??_C@_0M@GJEPCFAM@LOW2?5THREAD?$AA@ 0002572c     process.obj
 0002:00000738       ??_C@_0M@FAMCBJMJ@LOW1?5THREAD?$AA@ 00025738     process.obj
 0002:00000744       ??_C@_0M@JMFBNMIE@MID7?5THREAD?$AA@ 00025744     process.obj
 0002:00000750       ??_C@_0M@ILCKMIMH@MID6?5THREAD?$AA@ 00025750     process.obj
 0002:0000075c       ??_C@_0M@LCKHPEAC@MID5?5THREAD?$AA@ 0002575c     process.obj
 0002:00000768       ??_C@_0M@KFNMOAEB@MID4?5THREAD?$AA@ 00025768     process.obj
 0002:00000774       ??_C@_0M@MBLNINII@MID3?5THREAD?$AA@ 00025774     process.obj
 0002:00000780       ??_C@_0M@NGMGJJML@MID2?5THREAD?$AA@ 00025780     process.obj
 0002:0000078c       ??_C@_0M@OPELKFAO@MID1?5THREAD?$AA@ 0002578c     process.obj
 0002:00000798       ??_C@_0M@ECMNAENK@TCUT?5THREAD?$AA@ 00025798     process.obj
 0002:000007a4       ??_C@_0M@EBMLDPKF@PCUT?5THREAD?$AA@ 000257a4     process.obj
 0002:000007b0       ??_C@_0M@JJEBABFL@IDLE?5THREAD?$AA@ 000257b0     process.obj
 0002:000007bc       ??_C@_0M@IPGMMDPP@MAIN?5THREAD?$AA@ 000257bc     process.obj
 0002:000007c8       ??_C@_0L@ONMJOFAN@TERMINATED?$AA@ 000257c8     process.obj
 0002:000007d4       ??_C@_0CP@JPHHIFMF@Currnt_Priority_Num?5?3?5?$CF00d?0?5Thre@ 000257d4     process.obj
 0002:00000804       ??_C@_0CC@BFKFDEEB@?$CFs?5?3?5?$CF00x?0?5?$CFs?5?3?5?$CF00x?0?5?$CFs?5?3?5?$CF00x?$AN@ 00025804     process.obj
 0002:00000828       ??_C@_0EJ@MGKGHIFN@All?5Thread?5Are?5Terminated?5?0?5The?5@ 00025828     process.obj
 0002:00000874       ??_C@_0CM@HLOPFLLL@SyspSetupSysCallgate?$CI?$CJ?5returned?5@ 00025874     syscall.obj
 0003:00000000       _m_GdtrDesc                00026000     entry.obj
 0003:00000008       _m_GdtTable                00026008     entry.obj
 0003:00000a60       _usr_thr_name              00026a60     <common>
 0003:00000a80       _thread_name               00026a80     <common>
 0003:00000b80       _gTestNum                  00026b80     <common>
 0003:00000b8c       _bIsUsrProcessDead         00026b8c     <common>

 entry point at        0001:00000000

 Static symbols

 0001:00003570       _ffmt                      00024570 f   vsprintf.obj
 0001:000034a0       _SyspSetupSysCallgate      000244a0 f   syscall.obj
 0001:00003520       _Sysp_SERVICE_CALL_MANAGER 00024520 f   syscall.obj
 0001:00002110       _PspHighPriorityUserThread 00023110 f   process.obj
 0001:00002150       _PspMidPriorityUserThread  00023150 f   process.obj
 0001:00002190       _PspLowPriorityUserThread  00023190 f   process.obj
 0001:00002620       _PspPushCuttingItem        00023620 f   process.obj
 0001:000026a0       _PspGetNextProcessID       000236a0 f   process.obj
 0001:000026d0       _PspGetNextThreadID        000236d0 f   process.obj
 0001:00002700       _PspAddNewProcess          00023700 f   process.obj
 0001:00002750       _PspAddNewThread           00023750 f   process.obj
 0001:000027b0       _PspCreateSystemProcess    000237b0 f   process.obj
 0001:00002ca0       _PspMidPriorityThread      00023ca0 f   process.obj
 0001:00002ca0       _PspLowPriorityThread      00023ca0 f   process.obj
 0001:00002ca0       _PspIdleThread             00023ca0 f   process.obj
 0001:00002cd0       _PspProcessCutterThread    00023cd0 f   process.obj
 0001:00002e50       _PspPopCuttingItem         00023e50 f   process.obj
 0001:00002ed0       _PspThreadCutterThread     00023ed0 f   process.obj
 0001:00003010       _PspSoftTaskSW             00024010 f   process.obj
 0001:000030b0       _PspSetupTaskSWEnv         000240b0 f   process.obj
 0001:00003150       _PspFindNextThreadScheduled 00024150 f   process.obj
 0001:00003300       _GetNextRunPriority        00024300 f   process.obj
 0001:00003340       _Psp_IRQ_SystemTimer       00024340 f   process.obj
 0001:00003380       _PspTaskEntryPoint         00024380 f   process.obj
 0001:00001bf0       _MmpCheckMemorySize        00022bf0 f   mmanager.obj
 0001:00001c70       _MmpCreateMemPoolBlk       00022c70 f   mmanager.obj
 0001:00001d80       _MmpGetRequiredBlocksFromBytes 00022d80 f   mmanager.obj
 0001:00001ee0       _MmpGetPoolAddrFromDescAddr 00022ee0 f   mmanager.obj
 0001:00001fb0       _MmpGetDescAddrFromPoolAddr 00022fb0 f   mmanager.obj
 0001:00001b50       _halt                      00022b50 f   leeysos.obj
 0001:000016f0       _KbdpTranslatorThread      000226f0 f   kbddrv.obj
 0001:000018c0       _KbdpResetIndicator        000228c0 f   kbddrv.obj
 0001:00001920       _KbdpPopRawKeyData         00022920 f   kbddrv.obj
 0001:000019a0       _KbdpPushUserKeyData       000229a0 f   kbddrv.obj
 0001:00000dd0       _HalpInitializeProcessor   00021dd0 f   hal.obj
 0001:00000e90       _HalpEnableA20             00021e90 f   hal.obj
 0001:00000fb0       _HalpInitPIC               00021fb0 f   hal.obj
 0001:00001050       _HalpInitSysTimer          00022050 f   hal.obj
 0001:000010b0       _Halp_ECT_DivideByZero     000220b0 f   hal.obj
 0001:000010d0       _Halp_ECT_DebugException   000220d0 f   hal.obj
 0001:000010f0       _Halp_ECT_NMI              000220f0 f   hal.obj
 0001:00001110       _Halp_ECT_Breakpoint       00022110 f   hal.obj
 0001:00001150       _Halp_ECT_INTO             00022150 f   hal.obj
 0001:00001170       _Halp_ECT_BOUNDS           00022170 f   hal.obj
 0001:00001190       _Halp_ECT_InvaildOpcode    00022190 f   hal.obj
 0001:000011b0       _Halp_ECT_DeviceNotAvailable 000221b0 f   hal.obj
 0001:000011d0       _Halp_ECT_DoubleFault      000221d0 f   hal.obj
 0001:000011f0       _Halp_ECT_CoprocessorOverrun 000221f0 f   hal.obj
 0001:00001210       _Halp_ECT_InvalidTSS       00022210 f   hal.obj
 0001:00001230       _Halp_ECT_SegmentNotPresent 00022230 f   hal.obj
 0001:00001250       _Halp_ECT_StackException   00022250 f   hal.obj
 0001:00001270       _Halp_ECT_GeneralProtection 00022270 f   hal.obj
 0001:000012c0       _Halp_ECT_PageFault        000222c0 f   hal.obj
 0001:000012e0       _Halp_ECT_FloatingPointError 000222e0 f   hal.obj
 0001:00001300       _Halp_ECT_AlignmentCheck   00022300 f   hal.obj
 0001:00001320       _Halp_ECT_MachineCheck     00022320 f   hal.obj
 0001:00001340       _Halp_IRQ_Keyboard         00022340 f   hal.obj
 0001:00001370       _Halp_IRQ_ReqFromSlave8259 00022370 f   hal.obj
 0001:00001390       _Halp_IRQ_COM2             00022390 f   hal.obj
 0001:000013b0       _Halp_IRQ_COM1             000223b0 f   hal.obj
 0001:000013d0       _Halp_IRQ_LPT2             000223d0 f   hal.obj
 0001:000013f0       _Halp_IRQ_FloppyDisk       000223f0 f   hal.obj
 0001:00001430       _Halp_IRQ_LPT1             00022430 f   hal.obj
 0001:00001450       _Halp_IRQ_CMOSClock        00022450 f   hal.obj
 0001:00001470       _Halp_IRQ_VGA              00022470 f   hal.obj
 0001:00001490       _Halp_IRQ_Mouse            00022490 f   hal.obj
 0001:000014b0       _Halp_IRQ_MathCoprocessor  000224b0 f   hal.obj
 0001:000014d0       _Halp_IRQ_HardDrive        000224d0 f   hal.obj
 0001:000014f0       _HalpStartIntService       000224f0 f   hal.obj
 0001:00000670       _FddpTurnOffMotor          00021670 f   fdddrv.obj
 0001:000006a0       _FddpJobProcessThread      000216a0 f   fdddrv.obj
 0001:00000700       _FddpReadWriteSector       00021700 f   fdddrv.obj
 0001:000008d0       _FddpTurnOnMotor           000218d0 f   fdddrv.obj
 0001:00000900       _FddpWriteFdcData          00021900 f   fdddrv.obj
 0001:00000950       _FddpSetupDMA              00021950 f   fdddrv.obj
 0001:000009e0       _FddpPopJobItem            000219e0 f   fdddrv.obj
 0001:00000100       _CrtpPrintfFmt             00021100 f   6845crt.obj
 0001:000002c0       _CrtpGetNextVideoPtr       000212c0 f   6845crt.obj
 0001:000002f0       _CrtpGetNextVideoPtrWithPos 000212f0 f   6845crt.obj
 0001:00000320       _CrtpScrollOneLine         00021320 f   6845crt.obj
 0001:00000390       _CrtpKeyLF                 00021390 f   6845crt.obj
 0001:00000400       _CrtpKeyCR                 00021400 f   6845crt.obj
 0001:00000450       _CrtpKeyBackspace          00021450 f   6845crt.obj
 0001:00000490       _CrtpUpdateCursorPosByPtr  00021490 f   6845crt.obj
 0001:000004e0       _CrtpSetCursorPos          000214e0 f   6845crt.obj
